// Jest Snapshot v1, https://goo.gl/fbAQLP

exports[`should render AddDiagnosesPage correctly 1`] = `
<div>
  <div
    className="page-header"
  >
    <div
      className="content-container"
    >
      <h1
        className="page-header__title"
      >
        Add Diagnoses or Symptoms
      </h1>
    </div>
  </div>
  <div
    className="content-container"
  >
    <DiagnosesForm
      onSubmit={[Function]}
    />
  </div>
</div>
`;
