// Jest Snapshot v1, https://goo.gl/fbAQLP

exports[`should render DailyGoalListItem correctly 1`] = `
<Link
  className="list-item"
  to="/edit/1"
>
  <div>
    <h3
      className="list-item__title"
    >
      Run
    </h3>
  </div>
</Link>
`;
