// Jest Snapshot v1, https://goo.gl/fbAQLP

exports[`should render DashboardPage correctly 1`] = `
<div>
  <p>
    You have not yet setup a profile, please add some info
  </p>
  <Link
    to="/create-profile"
  >
    Create Profile
  </Link>
</div>
`;
