// Jest Snapshot v1, https://goo.gl/fbAQLP

exports[`should render DiagnosesListItem correctly 1`] = `
<Link
  className="list-item"
  to="/edit/1"
>
  <div>
    <h3
      className="list-item__title"
    >
      clinical depression
    </h3>
    <span
      className="list-item__sub-title"
    >
      zoloft
    </span>
  </div>
  <h3
    className="list-item__data"
  >
    9:30pm
  </h3>
</Link>
`;
