// Jest Snapshot v1, https://goo.gl/fbAQLP

exports[`should render DrugAllergiesDashboardPage with drugAllergies 1`] = `
<div>
  <div
    className="page-header"
  >
    <div
      className="content-container"
    >
      <h1
        className="page-header__title"
      >
        Drug Allergies
      </h1>
      <Link
        className="button"
        to="/add-drug-allergies"
      >
        Add Drug Allergies
      </Link>
    </div>
  </div>
  <div
    className="content-container"
  >
    <div
      className="list-header"
    >
      <div
        className="show-for-mobile"
      >
        Drug Allergies
      </div>
      <div
        className="show-for-desktop"
      >
        Drug Allergies
      </div>
    </div>
    <div
      className="list-body"
    >
      <div
        className="list-item list-item--message"
      >
        <span>
          No Drug Allergies yet, click the button above to add them.
        </span>
      </div>
    </div>
  </div>
</div>
`;

exports[`should render DrugAllergiesDashboardPage with empty message 1`] = `
<div>
  <div
    className="page-header"
  >
    <div
      className="content-container"
    >
      <h1
        className="page-header__title"
      >
        Drug Allergies
      </h1>
      <Link
        className="button"
        to="/add-drug-allergies"
      >
        Add Drug Allergies
      </Link>
    </div>
  </div>
  <div
    className="content-container"
  >
    <div
      className="list-header"
    >
      <div
        className="show-for-mobile"
      >
        Drug Allergies
      </div>
      <div
        className="show-for-desktop"
      >
        Drug Allergies
      </div>
    </div>
    <div
      className="list-body"
    >
      <div
        className="list-item list-item--message"
      >
        <span>
          No Drug Allergies yet, click the button above to add them.
        </span>
      </div>
    </div>
  </div>
</div>
`;
